
> news_website@0.1.0 build
> next build

node.exe : [baseline
-browser-mapping] 
The data in this 
module is over two 
months old.  To 
ensure accurate 
Baseline data, 
please update: `npm 
i baseline-browser-m
apping@latest -D`
At C:\Program Files\
nodejs\npm.ps1:29 
char:3
+   & $NODE_EXE 
$NPM_CLI_JS $args
+   ~~~~~~~~~~~~~~~~
~~~~~~~~~~~~~
    + CategoryInfo  
            : NotS  
  pecified: ([bas   
 eline-brows...p    
ing@latest -D`:    
String) [], Rem    
oteException
    + FullyQualifie 
   dErrorId : Nati  
  veCommandError
 
   Γû▓ Next.js 16.0.7 (Turbopack)
   - Environments: .env

   Creating an optimized production build ...
[baseline-browser-ma
pping] The data in 
this module is over 
two months old.  To 
ensure accurate 
Baseline data, 
please update: `npm 
i baseline-browser-m
apping@latest -D`
[baseline-browser-ma
pping] The data in 
this module is over 
two months old.  To 
ensure accurate 
Baseline data, 
please update: `npm 
i baseline-browser-m
apping@latest -D`

> Build error 
occurred
Error: Turbopack 
build failed with 
24 errors:
./app/(admin)/admin/
category/[id]/page.t
sx:4:1
Module not found: 
Can't resolve '@/com
ponents/admin/Catego
ryForm'
[0m [90m 2 |[39m
 [90m 3 |[39m 
[36mimport[39m [3
3mReact[39m[33m,[
39m { useEffect[33m
,[39m 
useState[33m,[39m 
use } 
[36mfrom[39m [32m
'react'[39m[33m;[
39m
[31m[1m>[22m[39m
[90m 4 |[39m 
[36mimport[39m [3
3mCategoryForm[39m 
[36mfrom[39m [32m
'@/components/admin/
CategoryForm'[39m[
33m;[39m
 [90m   |[39m [31
m[1m^[22m[39m[31
m[1m^[22m[39m[31
m[1m^[22m[39m[31
m[1m^[22m[39m[31
m[1m^[22m[39m[31
m[1m^[22m[39m[31
m[1m^[22m[39m[31
m[1m^[22m[39m[31
m[1m^[22m[39m[31
m[1m^[22m[39m[31
m[1m^[22m[39m[31
m[1m^[22m[39m[31
m[1m^[22m[39m[31
m[1m^[22m[39m[31
m[1m^[22m[39m[31
m[1m^[22m[39m[31
m[1m^[22m[39m[31
m[1m^[22m[39m[31
m[1m^[22m[39m[31
m[1m^[22m[39m[31
m[1m^[22m[39m[31
m[1m^[22m[39m[31
m[1m^[22m[39m[31
m[1m^[22m[39m[31
m[1m^[22m[39m[31
m[1m^[22m[39m[31
m[1m^[22m[39m[31
m[1m^[22m[39m[31
m[1m^[22m[39m[31
m[1m^[22m[39m[31
m[1m^[22m[39m[31
m[1m^[22m[39m[31
m[1m^[22m[39m[31
m[1m^[22m[39m[31
m[1m^[22m[39m[31
m[1m^[22m[39m[31
m[1m^[22m[39m[31
m[1m^[22m[39m[31
m[1m^[22m[39m[31
m[1m^[22m[39m[31
m[1m^[22m[39m[31
m[1m^[22m[39m[31
m[1m^[22m[39m[31
m[1m^[22m[39m[31
m[1m^[22m[39m[31
m[1m^[22m[39m[31
m[1m^[22m[39m[31
m[1m^[22m[39m[31
m[1m^[22m[39m[31
m[1m^[22m[39m[31
m[1m^[22m[39m[31
m[1m^[22m[39m[31
m[1m^[22m[39m[31
m[1m^[22m[39m[31
m[1m^[22m[39m[31
m[1m^[22m[39m[31
m[1m^[22m[39m[31
m[1m^[22m[39m[31
m[1m^[22m[39m
 [90m 5 |[39m 
[36mimport[39m { 
[33mArrowLeft[39m 
} [36mfrom[39m [3
2m'lucide-react'[39
m[33m;[39m
 [90m 6 |[39m 
[36mimport[39m 
[33mLink[39m 
[36mfrom[39m [32m
'next/link'[39m[33
m;[39m
 [90m 7 |[39m 
[36mimport[39m { 
[33mCategory[39m 
} [36mfrom[39m [3
2m"@/types"[39m[33
m;[39m[0m

Import map: aliased 
to relative './compo
nents/admin/Category
Form' inside of 
[project]/


Import traces:
  Client Component 
Browser:
    ./app/(admin)/ad
min/category/[id]/pa
ge.tsx [Client 
Component Browser]
    ./app/(admin)/ad
min/category/[id]/pa
ge.tsx [Server 
Component]

  Client Component 
SSR:
    ./app/(admin)/ad
min/category/[id]/pa
ge.tsx [Client 
Component SSR]
    ./app/(admin)/ad
min/category/[id]/pa
ge.tsx [Server 
Component]

https://nextjs.org/d
ocs/messages/module-
not-found


./app/(admin)/admin/
category/[id]/page.t
sx:4:1
Module not found: 
Can't resolve '@/com
ponents/admin/Catego
ryForm'
[0m [90m 2 |[39m
 [90m 3 |[39m 
[36mimport[39m [3
3mReact[39m[33m,[
39m { useEffect[33m
,[39m 
useState[33m,[39m 
use } 
[36mfrom[39m [32m
'react'[39m[33m;[
39m
[31m[1m>[22m[39m
[90m 4 |[39m 
[36mimport[39m [3
3mCategoryForm[39m 
[36mfrom[39m [32m
'@/components/admin/
CategoryForm'[39m[
33m;[39m
 [90m   |[39m [31
m[1m^[22m[39m[31
m[1m^[22m[39m[31
m[1m^[22m[39m[31
m[1m^[22m[39m[31
m[1m^[22m[39m[31
m[1m^[22m[39m[31
m[1m^[22m[39m[31
m[1m^[22m[39m[31
m[1m^[22m[39m[31
m[1m^[22m[39m[31
m[1m^[22m[39m[31
m[1m^[22m[39m[31
m[1m^[22m[39m[31
m[1m^[22m[39m[31
m[1m^[22m[39m[31
m[1m^[22m[39m[31
m[1m^[22m[39m[31
m[1m^[22m[39m[31
m[1m^[22m[39m[31
m[1m^[22m[39m[31
m[1m^[22m[39m[31
m[1m^[22m[39m[31
m[1m^[22m[39m[31
m[1m^[22m[39m[31
m[1m^[22m[39m[31
m[1m^[22m[39m[31
m[1m^[22m[39m[31
m[1m^[22m[39m[31
m[1m^[22m[39m[31
m[1m^[22m[39m[31
m[1m^[22m[39m[31
m[1m^[22m[39m[31
m[1m^[22m[39m[31
m[1m^[22m[39m[31
m[1m^[22m[39m[31
m[1m^[22m[39m[31
m[1m^[22m[39m[31
m[1m^[22m[39m[31
m[1m^[22m[39m[31
m[1m^[22m[39m[31
m[1m^[22m[39m[31
m[1m^[22m[39m[31
m[1m^[22m[39m[31
m[1m^[22m[39m[31
m[1m^[22m[39m[31
m[1m^[22m[39m[31
m[1m^[22m[39m[31
m[1m^[22m[39m[31
m[1m^[22m[39m[31
m[1m^[22m[39m[31
m[1m^[22m[39m[31
m[1m^[22m[39m[31
m[1m^[22m[39m[31
m[1m^[22m[39m[31
m[1m^[22m[39m[31
m[1m^[22m[39m[31
m[1m^[22m[39m[31
m[1m^[22m[39m[31
m[1m^[22m[39m
 [90m 5 |[39m 
[36mimport[39m { 
[33mArrowLeft[39m 
} [36mfrom[39m [3
2m'lucide-react'[39
m[33m;[39m
 [90m 6 |[39m 
[36mimport[39m 
[33mLink[39m 
[36mfrom[39m [32m
'next/link'[39m[33
m;[39m
 [90m 7 |[39m[0m

Import map: aliased 
to relative './compo
nents/admin/Category
Form' inside of 
[project]/


Import traces:
  Client Component 
Browser:
    ./app/(admin)/ad
min/category/[id]/pa
ge.tsx [Client 
Component Browser]
    ./app/(admin)/ad
min/category/[id]/pa
ge.tsx [Server 
Component]

  Client Component 
SSR:
    ./app/(admin)/ad
min/category/[id]/pa
ge.tsx [Client 
Component SSR]
    ./app/(admin)/ad
min/category/[id]/pa
ge.tsx [Server 
Component]

https://nextjs.org/d
ocs/messages/module-
not-found


./app/(admin)/admin/
category/create/page
.tsx:5:1
Module not found: 
Can't resolve '@/com
ponents/admin/Catego
ryForm'
[0m [90m 3 |[39m 
[36mimport[39m { 
c [36mas[39m _c } 
[36mfrom[39m [32m
"react/compiler-runt
ime"[39m[33m;[39m
 [90m 4 |[39m 
[36mimport[39m 
[33mReact[39m 
[36mfrom[39m [32m
'react'[39m[33m;[
39m
[31m[1m>[22m[39m
[90m 5 |[39m 
[36mimport[39m [3
3mCategoryForm[39m 
[36mfrom[39m [32m
'@/components/admin/
CategoryForm'[39m[
33m;[39m
 [90m   |[39m [31
m[1m^[22m[39m[31
m[1m^[22m[39m[31
m[1m^[22m[39m[31
m[1m^[22m[39m[31
m[1m^[22m[39m[31
m[1m^[22m[39m[31
m[1m^[22m[39m[31
m[1m^[22m[39m[31
m[1m^[22m[39m[31
m[1m^[22m[39m[31
m[1m^[22m[39m[31
m[1m^[22m[39m[31
m[1m^[22m[39m[31
m[1m^[22m[39m[31
m[1m^[22m[39m[31
m[1m^[22m[39m[31
m[1m^[22m[39m[31
m[1m^[22m[39m[31
m[1m^[22m[39m[31
m[1m^[22m[39m[31
m[1m^[22m[39m[31
m[1m^[22m[39m[31
m[1m^[22m[39m[31
m[1m^[22m[39m[31
m[1m^[22m[39m[31
m[1m^[22m[39m[31
m[1m^[22m[39m[31
m[1m^[22m[39m[31
m[1m^[22m[39m[31
m[1m^[22m[39m[31
m[1m^[22m[39m[31
m[1m^[22m[39m[31
m[1m^[22m[39m[31
m[1m^[22m[39m[31
m[1m^[22m[39m[31
m[1m^[22m[39m[31
m[1m^[22m[39m[31
m[1m^[22m[39m[31
m[1m^[22m[39m[31
m[1m^[22m[39m[31
m[1m^[22m[39m[31
m[1m^[22m[39m[31
m[1m^[22m[39m[31
m[1m^[22m[39m[31
m[1m^[22m[39m[31
m[1m^[22m[39m[31
m[1m^[22m[39m[31
m[1m^[22m[39m[31
m[1m^[22m[39m[31
m[1m^[22m[39m[31
m[1m^[22m[39m[31
m[1m^[22m[39m[31
m[1m^[22m[39m[31
m[1m^[22m[39m[31
m[1m^[22m[39m[31
m[1m^[22m[39m[31
m[1m^[22m[39m[31
m[1m^[22m[39m[31
m[1m^[22m[39m
 [90m 6 |[39m 
[36mimport[39m { 
[33mArrowLeft[39m 
} [36mfrom[39m [3
2m'lucide-react'[39
m[33m;[39m
 [90m 7 |[39m 
[36mimport[39m 
[33mLink[39m 
[36mfrom[39m [32m
'next/link'[39m[33
m;[39m
 [90m 8 |[39m 
[36mconst[39m [33
mCreateCategoryPage
[39m [33m=[39m () 
[33m=>[39m {[0m

Import map: aliased 
to relative './compo
nents/admin/Category
Form' inside of 
[project]/


Import traces:
  Client Component 
Browser:
    ./app/(admin)/ad
min/category/create/
page.tsx [Client 
Component Browser]
    ./app/(admin)/ad
min/category/create/
page.tsx [Server 
Component]

  Client Component 
SSR:
    ./app/(admin)/ad
min/category/create/
page.tsx [Client 
Component SSR]
    ./app/(admin)/ad
min/category/create/
page.tsx [Server 
Component]

https://nextjs.org/d
ocs/messages/module-
not-found


./app/(admin)/admin/
category/create/page
.tsx:4:1
Module not found: 
Can't resolve '@/com
ponents/admin/Catego
ryForm'
[0m [90m 2 |[39m
 [90m 3 |[39m 
[36mimport[39m 
[33mReact[39m 
[36mfrom[39m [32m
'react'[39m[33m;[
39m
[31m[1m>[22m[39m
[90m 4 |[39m 
[36mimport[39m [3
3mCategoryForm[39m 
[36mfrom[39m [32m
'@/components/admin/
CategoryForm'[39m[
33m;[39m
 [90m   |[39m [31
m[1m^[22m[39m[31
m[1m^[22m[39m[31
m[1m^[22m[39m[31
m[1m^[22m[39m[31
m[1m^[22m[39m[31
m[1m^[22m[39m[31
m[1m^[22m[39m[31
m[1m^[22m[39m[31
m[1m^[22m[39m[31
m[1m^[22m[39m[31
m[1m^[22m[39m[31
m[1m^[22m[39m[31
m[1m^[22m[39m[31
m[1m^[22m[39m[31
m[1m^[22m[39m[31
m[1m^[22m[39m[31
m[1m^[22m[39m[31
m[1m^[22m[39m[31
m[1m^[22m[39m[31
m[1m^[22m[39m[31
m[1m^[22m[39m[31
m[1m^[22m[39m[31
m[1m^[22m[39m[31
m[1m^[22m[39m[31
m[1m^[22m[39m[31
m[1m^[22m[39m[31
m[1m^[22m[39m[31
m[1m^[22m[39m[31
m[1m^[22m[39m[31
m[1m^[22m[39m[31
m[1m^[22m[39m[31
m[1m^[22m[39m[31
m[1m^[22m[39m[31
m[1m^[22m[39m[31
m[1m^[22m[39m[31
m[1m^[22m[39m[31
m[1m^[22m[39m[31
m[1m^[22m[39m[31
m[1m^[22m[39m[31
m[1m^[22m[39m[31
m[1m^[22m[39m[31
m[1m^[22m[39m[31
m[1m^[22m[39m[31
m[1m^[22m[39m[31
m[1m^[22m[39m[31
m[1m^[22m[39m[31
m[1m^[22m[39m[31
m[1m^[22m[39m[31
m[1m^[22m[39m[31
m[1m^[22m[39m[31
m[1m^[22m[39m[31
m[1m^[22m[39m[31
m[1m^[22m[39m[31
m[1m^[22m[39m[31
m[1m^[22m[39m[31
m[1m^[22m[39m[31
m[1m^[22m[39m[31
m[1m^[22m[39m[31
m[1m^[22m[39m
 [90m 5 |[39m 
[36mimport[39m { 
[33mArrowLeft[39m 
} [36mfrom[39m [3
2m'lucide-react'[39
m[33m;[39m
 [90m 6 |[39m 
[36mimport[39m 
[33mLink[39m 
[36mfrom[39m [32m
'next/link'[39m[33
m;[39m
 [90m 7 |[39m[0m

Import map: aliased 
to relative './compo
nents/admin/Category
Form' inside of 
[project]/


Import traces:
  Client Component 
Browser:
    ./app/(admin)/ad
min/category/create/
page.tsx [Client 
Component Browser]
    ./app/(admin)/ad
min/category/create/
page.tsx [Server 
Component]

  Client Component 
SSR:
    ./app/(admin)/ad
min/category/create/
page.tsx [Client 
Component SSR]
    ./app/(admin)/ad
min/category/create/
page.tsx [Server 
Component]

https://nextjs.org/d
ocs/messages/module-
not-found


./app/(admin)/admin/
category/page.tsx:6:
1
Module not found: 
Can't resolve '@/com
ponents/admin/Catego
ryTable'
[0m [90m 4 |[39m 
[36mimport[39m 
[33mLink[39m 
[36mfrom[39m [32m
'next/link'[39m[33
m;[39m
 [90m 5 |[39m 
[36mimport[39m { 
[33mPlus[39m } 
[36mfrom[39m [32m
'lucide-react'[39m
[33m;[39m
[31m[1m>[22m[39m
[90m 6 |[39m 
[36mimport[39m [3
3mCategoryTable[39m
 [36mfrom[39m [32
m'@/components/admin
/CategoryTable'[39m
[33m;[39m
 [90m   |[39m [31
m[1m^[22m[39m[31
m[1m^[22m[39m[31
m[1m^[22m[39m[31
m[1m^[22m[39m[31
m[1m^[22m[39m[31
m[1m^[22m[39m[31
m[1m^[22m[39m[31
m[1m^[22m[39m[31
m[1m^[22m[39m[31
m[1m^[22m[39m[31
m[1m^[22m[39m[31
m[1m^[22m[39m[31
m[1m^[22m[39m[31
m[1m^[22m[39m[31
m[1m^[22m[39m[31
m[1m^[22m[39m[31
m[1m^[22m[39m[31
m[1m^[22m[39m[31
m[1m^[22m[39m[31
m[1m^[22m[39m[31
m[1m^[22m[39m[31
m[1m^[22m[39m[31
m[1m^[22m[39m[31
m[1m^[22m[39m[31
m[1m^[22m[39m[31
m[1m^[22m[39m[31
m[1m^[22m[39m[31
m[1m^[22m[39m[31
m[1m^[22m[39m[31
m[1m^[22m[39m[31
m[1m^[22m[39m[31
m[1m^[22m[39m[31
m[1m^[22m[39m[31
m[1m^[22m[39m[31
m[1m^[22m[39m[31
m[1m^[22m[39m[31
m[1m^[22m[39m[31
m[1m^[22m[39m[31
m[1m^[22m[39m[31
m[1m^[22m[39m[31
m[1m^[22m[39m[31
m[1m^[22m[39m[31
m[1m^[22m[39m[31
m[1m^[22m[39m[31
m[1m^[22m[39m[31
m[1m^[22m[39m[31
m[1m^[22m[39m[31
m[1m^[22m[39m[31
m[1m^[22m[39m[31
m[1m^[22m[39m[31
m[1m^[22m[39m[31
m[1m^[22m[39m[31
m[1m^[22m[39m[31
m[1m^[22m[39m[31
m[1m^[22m[39m[31
m[1m^[22m[39m[31
m[1m^[22m[39m[31
m[1m^[22m[39m[31
m[1m^[22m[39m[31
m[1m^[22m[39m[31
m[1m^[22m[39m
 [90m 7 |[39m
 [90m 8 |[39m 
[90m// Define the 
shape of our 
data[39m
 [90m 9 |[39m 
[36mimport[39m { 
[33mCategory[39m 
} [36mfrom[39m [3
2m"@/types"[39m[33
m;[39m[0m

Import map: aliased 
to relative './compo
nents/admin/Category
Table' inside of 
[project]/


Import traces:
  Client Component 
Browser:
    ./app/(admin)/ad
min/category/page.ts
x [Client Component 
Browser]
    ./app/(admin)/ad
min/category/page.ts
x [Server Component]

  Client Component 
SSR:
    ./app/(admin)/ad
min/category/page.ts
x [Client Component 
SSR]
    ./app/(admin)/ad
min/category/page.ts
x [Server Component]

https://nextjs.org/d
ocs/messages/module-
not-found


./app/(admin)/admin/
content/[id]/episode
/[episodeId]/page.ts
x:6:1
Module not found: 
Can't resolve '@/com
ponents/admin/Conten
t/BlockManager'
[0m [90m 4 |[39m 
[36mimport[39m [3
3mReact[39m[33m,[
39m { useEffect[33m
,[39m 
useState[33m,[39m 
use } 
[36mfrom[39m [32m
'react'[39m[33m;[
39m
 [90m 5 |[39m 
[36mimport[39m [3
3mEpisodeForm[39m 
[36mfrom[39m [32m
'@/components/admin/
Episode/EpisodeForm'
[39m[33m;[39m
[31m[1m>[22m[39m
[90m 6 |[39m 
[36mimport[39m [3
3mBlockManager[39m 
[36mfrom[39m [32m
'@/components/admin/
Content/BlockManager
'[39m[33m;[39m
 [90m   |[39m [31
m[1m^[22m[39m[31
m[1m^[22m[39m[31
m[1m^[22m[39m[31
m[1m^[22m[39m[31
m[1m^[22m[39m[31
m[1m^[22m[39m[31
m[1m^[22m[39m[31
m[1m^[22m[39m[31
m[1m^[22m[39m[31
m[1m^[22m[39m[31
m[1m^[22m[39m[31
m[1m^[22m[39m[31
m[1m^[22m[39m[31
m[1m^[22m[39m[31
m[1m^[22m[39m[31
m[1m^[22m[39m[31
m[1m^[22m[39m[31
m[1m^[22m[39m[31
m[1m^[22m[39m[31
m[1m^[22m[39m[31
m[1m^[22m[39m[31
m[1m^[22m[39m[31
m[1m^[22m[39m[31
m[1m^[22m[39m[31
m[1m^[22m[39m[31
m[1m^[22m[39m[31
m[1m^[22m[39m[31
m[1m^[22m[39m[31
m[1m^[22m[39m[31
m[1m^[22m[39m[31
m[1m^[22m[39m[31
m[1m^[22m[39m[31
m[1m^[22m[39m[31
m[1m^[22m[39m[31
m[1m^[22m[39m[31
m[1m^[22m[39m[31
m[1m^[22m[39m[31
m[1m^[22m[39m[31
m[1m^[22m[39m[31
m[1m^[22m[39m[31
m[1m^[22m[39m[31
m[1m^[22m[39m[31
m[1m^[22m[39m[31
m[1m^[22m[39m[31
m[1m^[22m[39m[31
m[1m^[22m[39m[31
m[1m^[22m[39m[31
m[1m^[22m[39m[31
m[1m^[22m[39m[31
m[1m^[22m[39m[31
m[1m^[22m[39m[31
m[1m^[22m[39m[31
m[1m^[22m[39m[31
m[1m^[22m[39m[31
m[1m^[22m[39m[31
m[1m^[22m[39m[31
m[1m^[22m[39m[31
m[1m^[22m[39m[31
m[1m^[22m[39m[31
m[1m^[22m[39m[31
m[1m^[22m[39m[31
m[1m^[22m[39m[31
m[1m^[22m[39m[31
m[1m^[22m[39m[31
m[1m^[22m[39m[31
m[1m^[22m[39m[31
m[1m^[22m[39m
 [90m 7 |[39m 
[36mimport[39m { 
[33mArrowLeft[39m 
} [36mfrom[39m [3
2m'lucide-react'[39
m[33m;[39m
 [90m 8 |[39m 
[36mimport[39m 
[33mLink[39m 
[36mfrom[39m [32m
'next/link'[39m[33
m;[39m
 [90m 9 |[39m 
[36mconst[39m [33
mEditEpisodePage[39
m [33m=[39m t0 
[33m=>[39m {[0m

Import map: aliased 
to relative './compo
nents/admin/Content/
BlockManager' 
inside of [project]/


Import traces:
  Client Component 
Browser:
    ./app/(admin)/ad
min/content/[id]/epi
sode/[episodeId]/pag
e.tsx [Client 
Component Browser]
    ./app/(admin)/ad
min/content/[id]/epi
sode/[episodeId]/pag
e.tsx [Server 
Component]

  Client Component 
SSR:
    ./app/(admin)/ad
min/content/[id]/epi
sode/[episodeId]/pag
e.tsx [Client 
Component SSR]
    ./app/(admin)/ad
min/content/[id]/epi
sode/[episodeId]/pag
e.tsx [Server 
Component]

https://nextjs.org/d
ocs/messages/module-
not-found


./app/(admin)/admin/
content/[id]/episode
/[episodeId]/page.ts
x:5:1
Module not found: 
Can't resolve '@/com
ponents/admin/Conten
t/BlockManager'
[0m [90m 3 |[39m 
[36mimport[39m [3
3mReact[39m[33m,[
39m { useEffect[33m
,[39m 
useState[33m,[39m 
use } 
[36mfrom[39m [32m
'react'[39m[33m;[
39m
 [90m 4 |[39m 
[36mimport[39m [3
3mEpisodeForm[39m 
[36mfrom[39m [32m
'@/components/admin/
Episode/EpisodeForm'
[39m[33m;[39m
[31m[1m>[22m[39m
[90m 5 |[39m 
[36mimport[39m [3
3mBlockManager[39m 
[36mfrom[39m [32m
'@/components/admin/
Content/BlockManager
'[39m[33m;[39m
 [90m   |[39m [31
m[1m^[22m[39m[31
m[1m^[22m[39m[31
m[1m^[22m[39m[31
m[1m^[22m[39m[31
m[1m^[22m[39m[31
m[1m^[22m[39m[31
m[1m^[22m[39m[31
m[1m^[22m[39m[31
m[1m^[22m[39m[31
m[1m^[22m[39m[31
m[1m^[22m[39m[31
m[1m^[22m[39m[31
m[1m^[22m[39m[31
m[1m^[22m[39m[31
m[1m^[22m[39m[31
m[1m^[22m[39m[31
m[1m^[22m[39m[31
m[1m^[22m[39m[31
m[1m^[22m[39m[31
m[1m^[22m[39m[31
m[1m^[22m[39m[31
m[1m^[22m[39m[31
m[1m^[22m[39m[31
m[1m^[22m[39m[31
m[1m^[22m[39m[31
m[1m^[22m[39m[31
m[1m^[22m[39m[31
m[1m^[22m[39m[31
m[1m^[22m[39m[31
m[1m^[22m[39m[31
m[1m^[22m[39m[31
m[1m^[22m[39m[31
m[1m^[22m[39m[31
m[1m^[22m[39m[31
m[1m^[22m[39m[31
m[1m^[22m[39m[31
m[1m^[22m[39m[31
m[1m^[22m[39m[31
m[1m^[22m[39m[31
m[1m^[22m[39m[31
m[1m^[22m[39m[31
m[1m^[22m[39m[31
m[1m^[22m[39m[31
m[1m^[22m[39m[31
m[1m^[22m[39m[31
m[1m^[22m[39m[31
m[1m^[22m[39m[31
m[1m^[22m[39m[31
m[1m^[22m[39m[31
m[1m^[22m[39m[31
m[1m^[22m[39m[31
m[1m^[22m[39m[31
m[1m^[22m[39m[31
m[1m^[22m[39m[31
m[1m^[22m[39m[31
m[1m^[22m[39m[31
m[1m^[22m[39m[31
m[1m^[22m[39m[31
m[1m^[22m[39m[31
m[1m^[22m[39m[31
m[1m^[22m[39m[31
m[1m^[22m[39m[31
m[1m^[22m[39m[31
m[1m^[22m[39m[31
m[1m^[22m[39m[31
m[1m^[22m[39m[31
m[1m^[22m[39m
 [90m 6 |[39m 
[36mimport[39m { 
[33mArrowLeft[39m 
} [36mfrom[39m [3
2m'lucide-react'[39
m[33m;[39m
 [90m 7 |[39m 
[36mimport[39m 
[33mLink[39m 
[36mfrom[39m [32m
'next/link'[39m[33
m;[39m
 [90m 8 |[39m[0m

Import map: aliased 
to relative './compo
nents/admin/Content/
BlockManager' 
inside of [project]/


Import traces:
  Client Component 
Browser:
    ./app/(admin)/ad
min/content/[id]/epi
sode/[episodeId]/pag
e.tsx [Client 
Component Browser]
    ./app/(admin)/ad
min/content/[id]/epi
sode/[episodeId]/pag
e.tsx [Server 
Component]

  Client Component 
SSR:
    ./app/(admin)/ad
min/content/[id]/epi
sode/[episodeId]/pag
e.tsx [Client 
Component SSR]
    ./app/(admin)/ad
min/content/[id]/epi
sode/[episodeId]/pag
e.tsx [Server 
Component]

https://nextjs.org/d
ocs/messages/module-
not-found


./app/(admin)/admin/
content/[id]/page.ts
x:6:1
Module not found: 
Can't resolve '@/com
ponents/admin/Conten
t/BlockManager'
[0m [90m 4 |[39m 
[36mimport[39m [3
3mReact[39m[33m,[
39m { useEffect[33m
,[39m 
useState[33m,[39m 
use } 
[36mfrom[39m [32m
'react'[39m[33m;[
39m
 [90m 5 |[39m 
[36mimport[39m [3
3mContentForm[39m 
[36mfrom[39m [32m
'@/components/admin/
Content/ContentForm'
[39m[33m;[39m
[31m[1m>[22m[39m
[90m 6 |[39m 
[36mimport[39m [3
3mBlockManager[39m 
[36mfrom[39m [32m
'@/components/admin/
Content/BlockManager
'[39m[33m;[39m
 [90m   |[39m [31
m[1m^[22m[39m[31
m[1m^[22m[39m[31
m[1m^[22m[39m[31
m[1m^[22m[39m[31
m[1m^[22m[39m[31
m[1m^[22m[39m[31
m[1m^[22m[39m[31
m[1m^[22m[39m[31
m[1m^[22m[39m[31
m[1m^[22m[39m[31
m[1m^[22m[39m[31
m[1m^[22m[39m[31
m[1m^[22m[39m[31
m[1m^[22m[39m[31
m[1m^[22m[39m[31
m[1m^[22m[39m[31
m[1m^[22m[39m[31
m[1m^[22m[39m[31
m[1m^[22m[39m[31
m[1m^[22m[39m[31
m[1m^[22m[39m[31
m[1m^[22m[39m[31
m[1m^[22m[39m[31
m[1m^[22m[39m[31
m[1m^[22m[39m[31
m[1m^[22m[39m[31
m[1m^[22m[39m[31
m[1m^[22m[39m[31
m[1m^[22m[39m[31
m[1m^[22m[39m[31
m[1m^[22m[39m[31
m[1m^[22m[39m[31
m[1m^[22m[39m[31
m[1m^[22m[39m[31
m[1m^[22m[39m[31
m[1m^[22m[39m[31
m[1m^[22m[39m[31
m[1m^[22m[39m[31
m[1m^[22m[39m[31
m[1m^[22m[39m[31
m[1m^[22m[39m[31
m[1m^[22m[39m[31
m[1m^[22m[39m[31
m[1m^[22m[39m[31
m[1m^[22m[39m[31
m[1m^[22m[39m[31
m[1m^[22m[39m[31
m[1m^[22m[39m[31
m[1m^[22m[39m[31
m[1m^[22m[39m[31
m[1m^[22m[39m[31
m[1m^[22m[39m[31
m[1m^[22m[39m[31
m[1m^[22m[39m[31
m[1m^[22m[39m[31
m[1m^[22m[39m[31
m[1m^[22m[39m[31
m[1m^[22m[39m[31
m[1m^[22m[39m[31
m[1m^[22m[39m[31
m[1m^[22m[39m[31
m[1m^[22m[39m[31
m[1m^[22m[39m[31
m[1m^[22m[39m[31
m[1m^[22m[39m[31
m[1m^[22m[39m[31
m[1m^[22m[39m
 [90m 7 |[39m 
[36mimport[39m [3
3mEpisodeList[39m 
[36mfrom[39m [32m
'@/components/admin/
Episode/EpisodeList'
[39m[33m;[39m
 [90m 8 |[39m 
[36mimport[39m { 
[33mArrowLeft[39m 
} [36mfrom[39m [3
2m'lucide-react'[39
m[33m;[39m
 [90m 9 |[39m 
[36mimport[39m 
[33mLink[39m 
[36mfrom[39m [32m
'next/link'[39m[33
m;[39m[0m

Import map: aliased 
to relative './compo
nents/admin/Content/
BlockManager' 
inside of [project]/


Import traces:
  Client Component 
Browser:
    ./app/(admin)/ad
min/content/[id]/pag
e.tsx [Client 
Component Browser]
    ./app/(admin)/ad
min/content/[id]/pag
e.tsx [Server 
Component]

  Client Component 
SSR:
    ./app/(admin)/ad
min/content/[id]/pag
e.tsx [Client 
Component SSR]
    ./app/(admin)/ad
min/content/[id]/pag
e.tsx [Server 
Component]

https://nextjs.org/d
ocs/messages/module-
not-found


./app/(admin)/admin/
content/[id]/page.ts
x:5:1
Module not found: 
Can't resolve '@/com
ponents/admin/Conten
t/BlockManager'
[0m [90m 3 |[39m 
[36mimport[39m [3
3mReact[39m[33m,[
39m { useEffect[33m
,[39m 
useState[33m,[39m 
use } 
[36mfrom[39m [32m
'react'[39m[33m;[
39m
 [90m 4 |[39m 
[36mimport[39m [3
3mContentForm[39m 
[36mfrom[39m [32m
'@/components/admin/
Content/ContentForm'
[39m[33m;[39m
[31m[1m>[22m[39m
[90m 5 |[39m 
[36mimport[39m [3
3mBlockManager[39m 
[36mfrom[39m [32m
'@/components/admin/
Content/BlockManager
'[39m[33m;[39m
 [90m   |[39m [31
m[1m^[22m[39m[31
m[1m^[22m[39m[31
m[1m^[22m[39m[31
m[1m^[22m[39m[31
m[1m^[22m[39m[31
m[1m^[22m[39m[31
m[1m^[22m[39m[31
m[1m^[22m[39m[31
m[1m^[22m[39m[31
m[1m^[22m[39m[31
m[1m^[22m[39m[31
m[1m^[22m[39m[31
m[1m^[22m[39m[31
m[1m^[22m[39m[31
m[1m^[22m[39m[31
m[1m^[22m[39m[31
m[1m^[22m[39m[31
m[1m^[22m[39m[31
m[1m^[22m[39m[31
m[1m^[22m[39m[31
m[1m^[22m[39m[31
m[1m^[22m[39m[31
m[1m^[22m[39m[31
m[1m^[22m[39m[31
m[1m^[22m[39m[31
m[1m^[22m[39m[31
m[1m^[22m[39m[31
m[1m^[22m[39m[31
m[1m^[22m[39m[31
m[1m^[22m[39m[31
m[1m^[22m[39m[31
m[1m^[22m[39m[31
m[1m^[22m[39m[31
m[1m^[22m[39m[31
m[1m^[22m[39m[31
m[1m^[22m[39m[31
m[1m^[22m[39m[31
m[1m^[22m[39m[31
m[1m^[22m[39m[31
m[1m^[22m[39m[31
m[1m^[22m[39m[31
m[1m^[22m[39m[31
m[1m^[22m[39m[31
m[1m^[22m[39m[31
m[1m^[22m[39m[31
m[1m^[22m[39m[31
m[1m^[22m[39m[31
m[1m^[22m[39m[31
m[1m^[22m[39m[31
m[1m^[22m[39m[31
m[1m^[22m[39m[31
m[1m^[22m[39m[31
m[1m^[22m[39m[31
m[1m^[22m[39m[31
m[1m^[22m[39m[31
m[1m^[22m[39m[31
m[1m^[22m[39m[31
m[1m^[22m[39m[31
m[1m^[22m[39m[31
m[1m^[22m[39m[31
m[1m^[22m[39m[31
m[1m^[22m[39m[31
m[1m^[22m[39m[31
m[1m^[22m[39m[31
m[1m^[22m[39m[31
m[1m^[22m[39m[31
m[1m^[22m[39m
 [90m 6 |[39m 
[36mimport[39m [3
3mEpisodeList[39m 
[36mfrom[39m [32m
'@/components/admin/
Episode/EpisodeList'
[39m[33m;[39m
 [90m 7 |[39m 
[36mimport[39m { 
[33mArrowLeft[39m 
} [36mfrom[39m [3
2m'lucide-react'[39
m[33m;[39m
 [90m 8 |[39m 
[36mimport[39m 
[33mLink[39m 
[36mfrom[39m [32m
'next/link'[39m[33
m;[39m[0m

Import map: aliased 
to relative './compo
nents/admin/Content/
BlockManager' 
inside of [project]/


Import traces:
  Client Component 
Browser:
    ./app/(admin)/ad
min/content/[id]/pag
e.tsx [Client 
Component Browser]
    ./app/(admin)/ad
min/content/[id]/pag
e.tsx [Server 
Component]

  Client Component 
SSR:
    ./app/(admin)/ad
min/content/[id]/pag
e.tsx [Client 
Component SSR]
    ./app/(admin)/ad
min/content/[id]/pag
e.tsx [Server 
Component]

https://nextjs.org/d
ocs/messages/module-
not-found


./app/(admin)/admin/
content/[id]/page.ts
x:5:1
Module not found: 
Can't resolve '@/com
ponents/admin/Conten
t/ContentForm'
[0m [90m 3 |[39m 
[36mimport[39m { 
c [36mas[39m _c } 
[36mfrom[39m [32m
"react/compiler-runt
ime"[39m[33m;[39m
 [90m 4 |[39m 
[36mimport[39m [3
3mReact[39m[33m,[
39m { useEffect[33m
,[39m 
useState[33m,[39m 
use } 
[36mfrom[39m [32m
'react'[39m[33m;[
39m
[31m[1m>[22m[39m
[90m 5 |[39m 
[36mimport[39m [3
3mContentForm[39m 
[36mfrom[39m [32m
'@/components/admin/
Content/ContentForm'
[39m[33m;[39m
 [90m   |[39m [31
m[1m^[22m[39m[31
m[1m^[22m[39m[31
m[1m^[22m[39m[31
m[1m^[22m[39m[31
m[1m^[22m[39m[31
m[1m^[22m[39m[31
m[1m^[22m[39m[31
m[1m^[22m[39m[31
m[1m^[22m[39m[31
m[1m^[22m[39m[31
m[1m^[22m[39m[31
m[1m^[22m[39m[31
m[1m^[22m[39m[31
m[1m^[22m[39m[31
m[1m^[22m[39m[31
m[1m^[22m[39m[31
m[1m^[22m[39m[31
m[1m^[22m[39m[31
m[1m^[22m[39m[31
m[1m^[22m[39m[31
m[1m^[22m[39m[31
m[1m^[22m[39m[31
m[1m^[22m[39m[31
m[1m^[22m[39m[31
m[1m^[22m[39m[31
m[1m^[22m[39m[31
m[1m^[22m[39m[31
m[1m^[22m[39m[31
m[1m^[22m[39m[31
m[1m^[22m[39m[31
m[1m^[22m[39m[31
m[1m^[22m[39m[31
m[1m^[22m[39m[31
m[1m^[22m[39m[31
m[1m^[22m[39m[31
m[1m^[22m[39m[31
m[1m^[22m[39m[31
m[1m^[22m[39m[31
m[1m^[22m[39m[31
m[1m^[22m[39m[31
m[1m^[22m[39m[31
m[1m^[22m[39m[31
m[1m^[22m[39m[31
m[1m^[22m[39m[31
m[1m^[22m[39m[31
m[1m^[22m[39m[31
m[1m^[22m[39m[31
m[1m^[22m[39m[31
m[1m^[22m[39m[31
m[1m^[22m[39m[31
m[1m^[22m[39m[31
m[1m^[22m[39m[31
m[1m^[22m[39m[31
m[1m^[22m[39m[31
m[1m^[22m[39m[31
m[1m^[22m[39m[31
m[1m^[22m[39m[31
m[1m^[22m[39m[31
m[1m^[22m[39m[31
m[1m^[22m[39m[31
m[1m^[22m[39m[31
m[1m^[22m[39m[31
m[1m^[22m[39m[31
m[1m^[22m[39m[31
m[1m^[22m[39m
 [90m 6 |[39m 
[36mimport[39m [3
3mBlockManager[39m 
[36mfrom[39m [32m
'@/components/admin/
Content/BlockManager
'[39m[33m;[39m
 [90m 7 |[39m 
[36mimport[39m [3
3mEpisodeList[39m 
[36mfrom[39m [32m
'@/components/admin/
Episode/EpisodeList'
[39m[33m;[39m
 [90m 8 |[39m 
[36mimport[39m { 
[33mArrowLeft[39m 
} [36mfrom[39m [3
2m'lucide-react'[39
m[33m;[39m[0m

Import map: aliased 
to relative './compo
nents/admin/Content/
ContentForm' inside 
of [project]/


Import traces:
  Client Component 
Browser:
    ./app/(admin)/ad
min/content/[id]/pag
e.tsx [Client 
Component Browser]
    ./app/(admin)/ad
min/content/[id]/pag
e.tsx [Server 
Component]

  Client Component 
SSR:
    ./app/(admin)/ad
min/content/[id]/pag
e.tsx [Client 
Component SSR]
    ./app/(admin)/ad
min/content/[id]/pag
e.tsx [Server 
Component]

https://nextjs.org/d
ocs/messages/module-
not-found


./app/(admin)/admin/
content/[id]/page.ts
x:4:1
Module not found: 
Can't resolve '@/com
ponents/admin/Conten
t/ContentForm'
[0m [90m 2 |[39m
 [90m 3 |[39m 
[36mimport[39m [3
3mReact[39m[33m,[
39m { useEffect[33m
,[39m 
useState[33m,[39m 
use } 
[36mfrom[39m [32m
'react'[39m[33m;[
39m
[31m[1m>[22m[39m
[90m 4 |[39m 
[36mimport[39m [3
3mContentForm[39m 
[36mfrom[39m [32m
'@/components/admin/
Content/ContentForm'
[39m[33m;[39m
 [90m   |[39m [31
m[1m^[22m[39m[31
m[1m^[22m[39m[31
m[1m^[22m[39m[31
m[1m^[22m[39m[31
m[1m^[22m[39m[31
m[1m^[22m[39m[31
m[1m^[22m[39m[31
m[1m^[22m[39m[31
m[1m^[22m[39m[31
m[1m^[22m[39m[31
m[1m^[22m[39m[31
m[1m^[22m[39m[31
m[1m^[22m[39m[31
m[1m^[22m[39m[31
m[1m^[22m[39m[31
m[1m^[22m[39m[31
m[1m^[22m[39m[31
m[1m^[22m[39m[31
m[1m^[22m[39m[31
m[1m^[22m[39m[31
m[1m^[22m[39m[31
m[1m^[22m[39m[31
m[1m^[22m[39m[31
m[1m^[22m[39m[31
m[1m^[22m[39m[31
m[1m^[22m[39m[31
m[1m^[22m[39m[31
m[1m^[22m[39m[31
m[1m^[22m[39m[31
m[1m^[22m[39m[31
m[1m^[22m[39m[31
m[1m^[22m[39m[31
m[1m^[22m[39m[31
m[1m^[22m[39m[31
m[1m^[22m[39m[31
m[1m^[22m[39m[31
m[1m^[22m[39m[31
m[1m^[22m[39m[31
m[1m^[22m[39m[31
m[1m^[22m[39m[31
m[1m^[22m[39m[31
m[1m^[22m[39m[31
m[1m^[22m[39m[31
m[1m^[22m[39m[31
m[1m^[22m[39m[31
m[1m^[22m[39m[31
m[1m^[22m[39m[31
m[1m^[22m[39m[31
m[1m^[22m[39m[31
m[1m^[22m[39m[31
m[1m^[22m[39m[31
m[1m^[22m[39m[31
m[1m^[22m[39m[31
m[1m^[22m[39m[31
m[1m^[22m[39m[31
m[1m^[22m[39m[31
m[1m^[22m[39m[31
m[1m^[22m[39m[31
m[1m^[22m[39m[31
m[1m^[22m[39m[31
m[1m^[22m[39m[31
m[1m^[22m[39m[31
m[1m^[22m[39m[31
m[1m^[22m[39m[31
m[1m^[22m[39m
 [90m 5 |[39m 
[36mimport[39m [3
3mBlockManager[39m 
[36mfrom[39m [32m
'@/components/admin/
Content/BlockManager
'[39m[33m;[39m
 [90m 6 |[39m 
[36mimport[39m [3
3mEpisodeList[39m 
[36mfrom[39m [32m
'@/components/admin/
Episode/EpisodeList'
[39m[33m;[39m
 [90m 7 |[39m 
[36mimport[39m { 
[33mArrowLeft[39m 
} [36mfrom[39m [3
2m'lucide-react'[39
m[33m;[39m[0m

Import map: aliased 
to relative './compo
nents/admin/Content/
ContentForm' inside 
of [project]/


Import traces:
  Client Component 
Browser:
    ./app/(admin)/ad
min/content/[id]/pag
e.tsx [Client 
Component Browser]
    ./app/(admin)/ad
min/content/[id]/pag
e.tsx [Server 
Component]

  Client Component 
SSR:
    ./app/(admin)/ad
min/content/[id]/pag
e.tsx [Client 
Component SSR]
    ./app/(admin)/ad
min/content/[id]/pag
e.tsx [Server 
Component]

https://nextjs.org/d
ocs/messages/module-
not-found


./app/(admin)/admin/
content/create/page.
tsx:5:1
Module not found: 
Can't resolve '@/com
ponents/admin/Conten
t/ContentForm'
[0m [90m 3 |[39m 
[36mimport[39m { 
c [36mas[39m _c } 
[36mfrom[39m [32m
"react/compiler-runt
ime"[39m[33m;[39m
 [90m 4 |[39m 
[36mimport[39m 
[33mReact[39m 
[36mfrom[39m [32m
'react'[39m[33m;[
39m
[31m[1m>[22m[39m
[90m 5 |[39m 
[36mimport[39m [3
3mContentForm[39m 
[36mfrom[39m [32m
'@/components/admin/
Content/ContentForm'
[39m[33m;[39m
 [90m   |[39m [31
m[1m^[22m[39m[31
m[1m^[22m[39m[31
m[1m^[22m[39m[31
m[1m^[22m[39m[31
m[1m^[22m[39m[31
m[1m^[22m[39m[31
m[1m^[22m[39m[31
m[1m^[22m[39m[31
m[1m^[22m[39m[31
m[1m^[22m[39m[31
m[1m^[22m[39m[31
m[1m^[22m[39m[31
m[1m^[22m[39m[31
m[1m^[22m[39m[31
m[1m^[22m[39m[31
m[1m^[22m[39m[31
m[1m^[22m[39m[31
m[1m^[22m[39m[31
m[1m^[22m[39m[31
m[1m^[22m[39m[31
m[1m^[22m[39m[31
m[1m^[22m[39m[31
m[1m^[22m[39m[31
m[1m^[22m[39m[31
m[1m^[22m[39m[31
m[1m^[22m[39m[31
m[1m^[22m[39m[31
m[1m^[22m[39m[31
m[1m^[22m[39m[31
m[1m^[22m[39m[31
m[1m^[22m[39m[31
m[1m^[22m[39m[31
m[1m^[22m[39m[31
m[1m^[22m[39m[31
m[1m^[22m[39m[31
m[1m^[22m[39m[31
m[1m^[22m[39m[31
m[1m^[22m[39m[31
m[1m^[22m[39m[31
m[1m^[22m[39m[31
m[1m^[22m[39m[31
m[1m^[22m[39m[31
m[1m^[22m[39m[31
m[1m^[22m[39m[31
m[1m^[22m[39m[31
m[1m^[22m[39m[31
m[1m^[22m[39m[31
m[1m^[22m[39m[31
m[1m^[22m[39m[31
m[1m^[22m[39m[31
m[1m^[22m[39m[31
m[1m^[22m[39m[31
m[1m^[22m[39m[31
m[1m^[22m[39m[31
m[1m^[22m[39m[31
m[1m^[22m[39m[31
m[1m^[22m[39m[31
m[1m^[22m[39m[31
m[1m^[22m[39m[31
m[1m^[22m[39m[31
m[1m^[22m[39m[31
m[1m^[22m[39m[31
m[1m^[22m[39m[31
m[1m^[22m[39m[31
m[1m^[22m[39m
 [90m 6 |[39m 
[36mimport[39m { 
[33mArrowLeft[39m 
} [36mfrom[39m [3
2m'lucide-react'[39
m[33m;[39m
 [90m 7 |[39m 
[36mimport[39m 
[33mLink[39m 
[36mfrom[39m [32m
'next/link'[39m[33
m;[39m
 [90m 8 |[39m 
[36mconst[39m [33
mCreateContentPage[
39m [33m=[39m () 
[33m=>[39m {[0m

Import map: aliased 
to relative './compo
nents/admin/Content/
ContentForm' inside 
of [project]/


Import traces:
  Client Component 
Browser:
    ./app/(admin)/ad
min/content/create/p
age.tsx [Client 
Component Browser]
    ./app/(admin)/ad
min/content/create/p
age.tsx [Server 
Component]

  Client Component 
SSR:
    ./app/(admin)/ad
min/content/create/p
age.tsx [Client 
Component SSR]
    ./app/(admin)/ad
min/content/create/p
age.tsx [Server 
Component]

https://nextjs.org/d
ocs/messages/module-
not-found


./app/(admin)/admin/
content/create/page.
tsx:4:1
Module not found: 
Can't resolve '@/com
ponents/admin/Conten
t/ContentForm'
[0m [90m 2 |[39m
 [90m 3 |[39m 
[36mimport[39m 
[33mReact[39m 
[36mfrom[39m [32m
'react'[39m[33m;[
39m
[31m[1m>[22m[39m
[90m 4 |[39m 
[36mimport[39m [3
3mContentForm[39m 
[36mfrom[39m [32m
'@/components/admin/
Content/ContentForm'
[39m[33m;[39m
 [90m   |[39m [31
m[1m^[22m[39m[31
m[1m^[22m[39m[31
m[1m^[22m[39m[31
m[1m^[22m[39m[31
m[1m^[22m[39m[31
m[1m^[22m[39m[31
m[1m^[22m[39m[31
m[1m^[22m[39m[31
m[1m^[22m[39m[31
m[1m^[22m[39m[31
m[1m^[22m[39m[31
m[1m^[22m[39m[31
m[1m^[22m[39m[31
m[1m^[22m[39m[31
m[1m^[22m[39m[31
m[1m^[22m[39m[31
m[1m^[22m[39m[31
m[1m^[22m[39m[31
m[1m^[22m[39m[31
m[1m^[22m[39m[31
m[1m^[22m[39m[31
m[1m^[22m[39m[31
m[1m^[22m[39m[31
m[1m^[22m[39m[31
m[1m^[22m[39m[31
m[1m^[22m[39m[31
m[1m^[22m[39m[31
m[1m^[22m[39m[31
m[1m^[22m[39m[31
m[1m^[22m[39m[31
m[1m^[22m[39m[31
m[1m^[22m[39m[31
m[1m^[22m[39m[31
m[1m^[22m[39m[31
m[1m^[22m[39m[31
m[1m^[22m[39m[31
m[1m^[22m[39m[31
m[1m^[22m[39m[31
m[1m^[22m[39m[31
m[1m^[22m[39m[31
m[1m^[22m[39m[31
m[1m^[22m[39m[31
m[1m^[22m[39m[31
m[1m^[22m[39m[31
m[1m^[22m[39m[31
m[1m^[22m[39m[31
m[1m^[22m[39m[31
m[1m^[22m[39m[31
m[1m^[22m[39m[31
m[1m^[22m[39m[31
m[1m^[22m[39m[31
m[1m^[22m[39m[31
m[1m^[22m[39m[31
m[1m^[22m[39m[31
m[1m^[22m[39m[31
m[1m^[22m[39m[31
m[1m^[22m[39m[31
m[1m^[22m[39m[31
m[1m^[22m[39m[31
m[1m^[22m[39m[31
m[1m^[22m[39m[31
m[1m^[22m[39m[31
m[1m^[22m[39m[31
m[1m^[22m[39m[31
m[1m^[22m[39m
 [90m 5 |[39m 
[36mimport[39m { 
[33mArrowLeft[39m 
} [36mfrom[39m [3
2m'lucide-react'[39
m[33m;[39m
 [90m 6 |[39m 
[36mimport[39m 
[33mLink[39m 
[36mfrom[39m [32m
'next/link'[39m[33
m;[39m
 [90m 7 |[39m[0m

Import map: aliased 
to relative './compo
nents/admin/Content/
ContentForm' inside 
of [project]/


Import traces:
  Client Component 
Browser:
    ./app/(admin)/ad
min/content/create/p
age.tsx [Client 
Component Browser]
    ./app/(admin)/ad
min/content/create/p
age.tsx [Server 
Component]

  Client Component 
SSR:
    ./app/(admin)/ad
min/content/create/p
age.tsx [Client 
Component SSR]
    ./app/(admin)/ad
min/content/create/p
age.tsx [Server 
Component]

https://nextjs.org/d
ocs/messages/module-
not-found


./app/(admin)/admin/
content/[id]/episode
/[episodeId]/page.ts
x:5:1
Module not found: 
Can't resolve '@/com
ponents/admin/Episod
e/EpisodeForm'
[0m [90m 3 |[39m 
[36mimport[39m { 
c [36mas[39m _c } 
[36mfrom[39m [32m
"react/compiler-runt
ime"[39m[33m;[39m
 [90m 4 |[39m 
[36mimport[39m [3
3mReact[39m[33m,[
39m { useEffect[33m
,[39m 
useState[33m,[39m 
use } 
[36mfrom[39m [32m
'react'[39m[33m;[
39m
[31m[1m>[22m[39m
[90m 5 |[39m 
[36mimport[39m [3
3mEpisodeForm[39m 
[36mfrom[39m [32m
'@/components/admin/
Episode/EpisodeForm'
[39m[33m;[39m
 [90m   |[39m [31
m[1m^[22m[39m[31
m[1m^[22m[39m[31
m[1m^[22m[39m[31
m[1m^[22m[39m[31
m[1m^[22m[39m[31
m[1m^[22m[39m[31
m[1m^[22m[39m[31
m[1m^[22m[39m[31
m[1m^[22m[39m[31
m[1m^[22m[39m[31
m[1m^[22m[39m[31
m[1m^[22m[39m[31
m[1m^[22m[39m[31
m[1m^[22m[39m[31
m[1m^[22m[39m[31
m[1m^[22m[39m[31
m[1m^[22m[39m[31
m[1m^[22m[39m[31
m[1m^[22m[39m[31
m[1m^[22m[39m[31
m[1m^[22m[39m[31
m[1m^[22m[39m[31
m[1m^[22m[39m[31
m[1m^[22m[39m[31
m[1m^[22m[39m[31
m[1m^[22m[39m[31
m[1m^[22m[39m[31
m[1m^[22m[39m[31
m[1m^[22m[39m[31
m[1m^[22m[39m[31
m[1m^[22m[39m[31
m[1m^[22m[39m[31
m[1m^[22m[39m[31
m[1m^[22m[39m[31
m[1m^[22m[39m[31
m[1m^[22m[39m[31
m[1m^[22m[39m[31
m[1m^[22m[39m[31
m[1m^[22m[39m[31
m[1m^[22m[39m[31
m[1m^[22m[39m[31
m[1m^[22m[39m[31
m[1m^[22m[39m[31
m[1m^[22m[39m[31
m[1m^[22m[39m[31
m[1m^[22m[39m[31
m[1m^[22m[39m[31
m[1m^[22m[39m[31
m[1m^[22m[39m[31
m[1m^[22m[39m[31
m[1m^[22m[39m[31
m[1m^[22m[39m[31
m[1m^[22m[39m[31
m[1m^[22m[39m[31
m[1m^[22m[39m[31
m[1m^[22m[39m[31
m[1m^[22m[39m[31
m[1m^[22m[39m[31
m[1m^[22m[39m[31
m[1m^[22m[39m[31
m[1m^[22m[39m[31
m[1m^[22m[39m[31
m[1m^[22m[39m[31
m[1m^[22m[39m[31
m[1m^[22m[39m
 [90m 6 |[39m 
[36mimport[39m [3
3mBlockManager[39m 
[36mfrom[39m [32m
'@/components/admin/
Content/BlockManager
'[39m[33m;[39m
 [90m 7 |[39m 
[36mimport[39m { 
[33mArrowLeft[39m 
} [36mfrom[39m [3
2m'lucide-react'[39
m[33m;[39m
 [90m 8 |[39m 
[36mimport[39m 
[33mLink[39m 
[36mfrom[39m [32m
'next/link'[39m[33
m;[39m[0m

Import map: aliased 
to relative './compo
nents/admin/Episode/
EpisodeForm' inside 
of [project]/


Import traces:
  Client Component 
Browser:
    ./app/(admin)/ad
min/content/[id]/epi
sode/[episodeId]/pag
e.tsx [Client 
Component Browser]
    ./app/(admin)/ad
min/content/[id]/epi
sode/[episodeId]/pag
e.tsx [Server 
Component]

  Client Component 
SSR:
    ./app/(admin)/ad
min/content/[id]/epi
sode/[episodeId]/pag
e.tsx [Client 
Component SSR]
    ./app/(admin)/ad
min/content/[id]/epi
sode/[episodeId]/pag
e.tsx [Server 
Component]

https://nextjs.org/d
ocs/messages/module-
not-found


./app/(admin)/admin/
content/[id]/episode
/[episodeId]/page.ts
x:4:1
Module not found: 
Can't resolve '@/com
ponents/admin/Episod
e/EpisodeForm'
[0m [90m 2 |[39m
 [90m 3 |[39m 
[36mimport[39m [3
3mReact[39m[33m,[
39m { useEffect[33m
,[39m 
useState[33m,[39m 
use } 
[36mfrom[39m [32m
'react'[39m[33m;[
39m
[31m[1m>[22m[39m
[90m 4 |[39m 
[36mimport[39m [3
3mEpisodeForm[39m 
[36mfrom[39m [32m
'@/components/admin/
Episode/EpisodeForm'
[39m[33m;[39m
 [90m   |[39m [31
m[1m^[22m[39m[31
m[1m^[22m[39m[31
m[1m^[22m[39m[31
m[1m^[22m[39m[31
m[1m^[22m[39m[31
m[1m^[22m[39m[31
m[1m^[22m[39m[31
m[1m^[22m[39m[31
m[1m^[22m[39m[31
m[1m^[22m[39m[31
m[1m^[22m[39m[31
m[1m^[22m[39m[31
m[1m^[22m[39m[31
m[1m^[22m[39m[31
m[1m^[22m[39m[31
m[1m^[22m[39m[31
m[1m^[22m[39m[31
m[1m^[22m[39m[31
m[1m^[22m[39m[31
m[1m^[22m[39m[31
m[1m^[22m[39m[31
m[1m^[22m[39m[31
m[1m^[22m[39m[31
m[1m^[22m[39m[31
m[1m^[22m[39m[31
m[1m^[22m[39m[31
m[1m^[22m[39m[31
m[1m^[22m[39m[31
m[1m^[22m[39m[31
m[1m^[22m[39m[31
m[1m^[22m[39m[31
m[1m^[22m[39m[31
m[1m^[22m[39m[31
m[1m^[22m[39m[31
m[1m^[22m[39m[31
m[1m^[22m[39m[31
m[1m^[22m[39m[31
m[1m^[22m[39m[31
m[1m^[22m[39m[31
m[1m^[22m[39m[31
m[1m^[22m[39m[31
m[1m^[22m[39m[31
m[1m^[22m[39m[31
m[1m^[22m[39m[31
m[1m^[22m[39m[31
m[1m^[22m[39m[31
m[1m^[22m[39m[31
m[1m^[22m[39m[31
m[1m^[22m[39m[31
m[1m^[22m[39m[31
m[1m^[22m[39m[31
m[1m^[22m[39m[31
m[1m^[22m[39m[31
m[1m^[22m[39m[31
m[1m^[22m[39m[31
m[1m^[22m[39m[31
m[1m^[22m[39m[31
m[1m^[22m[39m[31
m[1m^[22m[39m[31
m[1m^[22m[39m[31
m[1m^[22m[39m[31
m[1m^[22m[39m[31
m[1m^[22m[39m[31
m[1m^[22m[39m[31
m[1m^[22m[39m
 [90m 5 |[39m 
[36mimport[39m [3
3mBlockManager[39m 
[36mfrom[39m [32m
'@/components/admin/
Content/BlockManager
'[39m[33m;[39m
 [90m 6 |[39m 
[36mimport[39m { 
[33mArrowLeft[39m 
} [36mfrom[39m [3
2m'lucide-react'[39
m[33m;[39m
 [90m 7 |[39m 
[36mimport[39m 
[33mLink[39m 
[36mfrom[39m [32m
'next/link'[39m[33
m;[39m[0m

Import map: aliased 
to relative './compo
nents/admin/Episode/
EpisodeForm' inside 
of [project]/


Import traces:
  Client Component 
Browser:
    ./app/(admin)/ad
min/content/[id]/epi
sode/[episodeId]/pag
e.tsx [Client 
Component Browser]
    ./app/(admin)/ad
min/content/[id]/epi
sode/[episodeId]/pag
e.tsx [Server 
Component]

  Client Component 
SSR:
    ./app/(admin)/ad
min/content/[id]/epi
sode/[episodeId]/pag
e.tsx [Client 
Component SSR]
    ./app/(admin)/ad
min/content/[id]/epi
sode/[episodeId]/pag
e.tsx [Server 
Component]

https://nextjs.org/d
ocs/messages/module-
not-found


./app/(admin)/admin/
content/[id]/episode
/create/page.tsx:5:1
Module not found: 
Can't resolve '@/com
ponents/admin/Episod
e/EpisodeForm'
[0m [90m 3 |[39m 
[36mimport[39m { 
c [36mas[39m _c } 
[36mfrom[39m [32m
"react/compiler-runt
ime"[39m[33m;[39m
 [90m 4 |[39m 
[36mimport[39m [3
3mReact[39m[33m,[
39m { use } 
[36mfrom[39m [32m
'react'[39m[33m;[
39m
[31m[1m>[22m[39m
[90m 5 |[39m 
[36mimport[39m [3
3mEpisodeForm[39m 
[36mfrom[39m [32m
'@/components/admin/
Episode/EpisodeForm'
[39m[33m;[39m
 [90m   |[39m [31
m[1m^[22m[39m[31
m[1m^[22m[39m[31
m[1m^[22m[39m[31
m[1m^[22m[39m[31
m[1m^[22m[39m[31
m[1m^[22m[39m[31
m[1m^[22m[39m[31
m[1m^[22m[39m[31
m[1m^[22m[39m[31
m[1m^[22m[39m[31
m[1m^[22m[39m[31
m[1m^[22m[39m[31
m[1m^[22m[39m[31
m[1m^[22m[39m[31
m[1m^[22m[39m[31
m[1m^[22m[39m[31
m[1m^[22m[39m[31
m[1m^[22m[39m[31
m[1m^[22m[39m[31
m[1m^[22m[39m[31
m[1m^[22m[39m[31
m[1m^[22m[39m[31
m[1m^[22m[39m[31
m[1m^[22m[39m[31
m[1m^[22m[39m[31
m[1m^[22m[39m[31
m[1m^[22m[39m[31
m[1m^[22m[39m[31
m[1m^[22m[39m[31
m[1m^[22m[39m[31
m[1m^[22m[39m[31
m[1m^[22m[39m[31
m[1m^[22m[39m[31
m[1m^[22m[39m[31
m[1m^[22m[39m[31
m[1m^[22m[39m[31
m[1m^[22m[39m[31
m[1m^[22m[39m[31
m[1m^[22m[39m[31
m[1m^[22m[39m[31
m[1m^[22m[39m[31
m[1m^[22m[39m[31
m[1m^[22m[39m[31
m[1m^[22m[39m[31
m[1m^[22m[39m[31
m[1m^[22m[39m[31
m[1m^[22m[39m[31
m[1m^[22m[39m[31
m[1m^[22m[39m[31
m[1m^[22m[39m[31
m[1m^[22m[39m[31
m[1m^[22m[39m[31
m[1m^[22m[39m[31
m[1m^[22m[39m[31
m[1m^[22m[39m[31
m[1m^[22m[39m[31
m[1m^[22m[39m[31
m[1m^[22m[39m[31
m[1m^[22m[39m[31
m[1m^[22m[39m[31
m[1m^[22m[39m[31
m[1m^[22m[39m[31
m[1m^[22m[39m[31
m[1m^[22m[39m[31
m[1m^[22m[39m
 [90m 6 |[39m 
[36mimport[39m { 
[33mArrowLeft[39m 
} [36mfrom[39m [3
2m'lucide-react'[39
m[33m;[39m
 [90m 7 |[39m 
[36mimport[39m 
[33mLink[39m 
[36mfrom[39m [32m
'next/link'[39m[33
m;[39m
 [90m 8 |[39m 
[36mconst[39m [33
mCreateEpisodePage[
39m [33m=[39m t0 
[33m=>[39m {[0m

Import map: aliased 
to relative './compo
nents/admin/Episode/
EpisodeForm' inside 
of [project]/


Import traces:
  Client Component 
Browser:
    ./app/(admin)/ad
min/content/[id]/epi
sode/create/page.tsx
 [Client Component 
Browser]
    ./app/(admin)/ad
min/content/[id]/epi
sode/create/page.tsx
 [Server Component]

  Client Component 
SSR:
    ./app/(admin)/ad
min/content/[id]/epi
sode/create/page.tsx
 [Client Component 
SSR]
    ./app/(admin)/ad
min/content/[id]/epi
sode/create/page.tsx
 [Server Component]

https://nextjs.org/d
ocs/messages/module-
not-found


./app/(admin)/admin/
content/[id]/episode
/create/page.tsx:4:1
Module not found: 
Can't resolve '@/com
ponents/admin/Episod
e/EpisodeForm'
[0m [90m 2 |[39m
 [90m 3 |[39m 
[36mimport[39m [3
3mReact[39m[33m,[
39m { use } 
[36mfrom[39m [32m
'react'[39m[33m;[
39m
[31m[1m>[22m[39m
[90m 4 |[39m 
[36mimport[39m [3
3mEpisodeForm[39m 
[36mfrom[39m [32m
'@/components/admin/
Episode/EpisodeForm'
[39m[33m;[39m
 [90m   |[39m [31
m[1m^[22m[39m[31
m[1m^[22m[39m[31
m[1m^[22m[39m[31
m[1m^[22m[39m[31
m[1m^[22m[39m[31
m[1m^[22m[39m[31
m[1m^[22m[39m[31
m[1m^[22m[39m[31
m[1m^[22m[39m[31
m[1m^[22m[39m[31
m[1m^[22m[39m[31
m[1m^[22m[39m[31
m[1m^[22m[39m[31
m[1m^[22m[39m[31
m[1m^[22m[39m[31
m[1m^[22m[39m[31
m[1m^[22m[39m[31
m[1m^[22m[39m[31
m[1m^[22m[39m[31
m[1m^[22m[39m[31
m[1m^[22m[39m[31
m[1m^[22m[39m[31
m[1m^[22m[39m[31
m[1m^[22m[39m[31
m[1m^[22m[39m[31
m[1m^[22m[39m[31
m[1m^[22m[39m[31
m[1m^[22m[39m[31
m[1m^[22m[39m[31
m[1m^[22m[39m[31
m[1m^[22m[39m[31
m[1m^[22m[39m[31
m[1m^[22m[39m[31
m[1m^[22m[39m[31
m[1m^[22m[39m[31
m[1m^[22m[39m[31
m[1m^[22m[39m[31
m[1m^[22m[39m[31
m[1m^[22m[39m[31
m[1m^[22m[39m[31
m[1m^[22m[39m[31
m[1m^[22m[39m[31
m[1m^[22m[39m[31
m[1m^[22m[39m[31
m[1m^[22m[39m[31
m[1m^[22m[39m[31
m[1m^[22m[39m[31
m[1m^[22m[39m[31
m[1m^[22m[39m[31
m[1m^[22m[39m[31
m[1m^[22m[39m[31
m[1m^[22m[39m[31
m[1m^[22m[39m[31
m[1m^[22m[39m[31
m[1m^[22m[39m[31
m[1m^[22m[39m[31
m[1m^[22m[39m[31
m[1m^[22m[39m[31
m[1m^[22m[39m[31
m[1m^[22m[39m[31
m[1m^[22m[39m[31
m[1m^[22m[39m[31
m[1m^[22m[39m[31
m[1m^[22m[39m[31
m[1m^[22m[39m
 [90m 5 |[39m 
[36mimport[39m { 
[33mArrowLeft[39m 
} [36mfrom[39m [3
2m'lucide-react'[39
m[33m;[39m
 [90m 6 |[39m 
[36mimport[39m 
[33mLink[39m 
[36mfrom[39m [32m
'next/link'[39m[33
m;[39m
 [90m 7 |[39m[0m

Import map: aliased 
to relative './compo
nents/admin/Episode/
EpisodeForm' inside 
of [project]/


Import traces:
  Client Component 
Browser:
    ./app/(admin)/ad
min/content/[id]/epi
sode/create/page.tsx
 [Client Component 
Browser]
    ./app/(admin)/ad
min/content/[id]/epi
sode/create/page.tsx
 [Server Component]

  Client Component 
SSR:
    ./app/(admin)/ad
min/content/[id]/epi
sode/create/page.tsx
 [Client Component 
SSR]
    ./app/(admin)/ad
min/content/[id]/epi
sode/create/page.tsx
 [Server Component]

https://nextjs.org/d
ocs/messages/module-
not-found


./app/(admin)/admin/
content/[id]/page.ts
x:7:1
Module not found: 
Can't resolve '@/com
ponents/admin/Episod
e/EpisodeList'
[0m [90m  5 
|[39m 
[36mimport[39m [3
3mContentForm[39m 
[36mfrom[39m [32m
'@/components/admin/
Content/ContentForm'
[39m[33m;[39m
 [90m  6 |[39m 
[36mimport[39m [3
3mBlockManager[39m 
[36mfrom[39m [32m
'@/components/admin/
Content/BlockManager
'[39m[33m;[39m
[31m[1m>[22m[39m
[90m  7 |[39m 
[36mimport[39m [3
3mEpisodeList[39m 
[36mfrom[39m [32m
'@/components/admin/
Episode/EpisodeList'
[39m[33m;[39m
 [90m    |[39m [3
1m[1m^[22m[39m[3
1m[1m^[22m[39m[3
1m[1m^[22m[39m[3
1m[1m^[22m[39m[3
1m[1m^[22m[39m[3
1m[1m^[22m[39m[3
1m[1m^[22m[39m[3
1m[1m^[22m[39m[3
1m[1m^[22m[39m[3
1m[1m^[22m[39m[3
1m[1m^[22m[39m[3
1m[1m^[22m[39m[3
1m[1m^[22m[39m[3
1m[1m^[22m[39m[3
1m[1m^[22m[39m[3
1m[1m^[22m[39m[3
1m[1m^[22m[39m[3
1m[1m^[22m[39m[3
1m[1m^[22m[39m[3
1m[1m^[22m[39m[3
1m[1m^[22m[39m[3
1m[1m^[22m[39m[3
1m[1m^[22m[39m[3
1m[1m^[22m[39m[3
1m[1m^[22m[39m[3
1m[1m^[22m[39m[3
1m[1m^[22m[39m[3
1m[1m^[22m[39m[3
1m[1m^[22m[39m[3
1m[1m^[22m[39m[3
1m[1m^[22m[39m[3
1m[1m^[22m[39m[3
1m[1m^[22m[39m[3
1m[1m^[22m[39m[3
1m[1m^[22m[39m[3
1m[1m^[22m[39m[3
1m[1m^[22m[39m[3
1m[1m^[22m[39m[3
1m[1m^[22m[39m[3
1m[1m^[22m[39m[3
1m[1m^[22m[39m[3
1m[1m^[22m[39m[3
1m[1m^[22m[39m[3
1m[1m^[22m[39m[3
1m[1m^[22m[39m[3
1m[1m^[22m[39m[3
1m[1m^[22m[39m[3
1m[1m^[22m[39m[3
1m[1m^[22m[39m[3
1m[1m^[22m[39m[3
1m[1m^[22m[39m[3
1m[1m^[22m[39m[3
1m[1m^[22m[39m[3
1m[1m^[22m[39m[3
1m[1m^[22m[39m[3
1m[1m^[22m[39m[3
1m[1m^[22m[39m[3
1m[1m^[22m[39m[3
1m[1m^[22m[39m[3
1m[1m^[22m[39m[3
1m[1m^[22m[39m[3
1m[1m^[22m[39m[3
1m[1m^[22m[39m[3
1m[1m^[22m[39m[3
1m[1m^[22m[39m
 [90m  8 |[39m 
[36mimport[39m { 
[33mArrowLeft[39m 
} [36mfrom[39m [3
2m'lucide-react'[39
m[33m;[39m
 [90m  9 |[39m 
[36mimport[39m 
[33mLink[39m 
[36mfrom[39m [32m
'next/link'[39m[33
m;[39m
 [90m 10 |[39m 
[36mconst[39m [33
mEditContentPage[39
m [33m=[39m t0 
[33m=>[39m {[0m

Import map: aliased 
to relative './compo
nents/admin/Episode/
EpisodeList' inside 
of [project]/


Import traces:
  Client Component 
Browser:
    ./app/(admin)/ad
min/content/[id]/pag
e.tsx [Client 
Component Browser]
    ./app/(admin)/ad
min/content/[id]/pag
e.tsx [Server 
Component]

  Client Component 
SSR:
    ./app/(admin)/ad
min/content/[id]/pag
e.tsx [Client 
Component SSR]
    ./app/(admin)/ad
min/content/[id]/pag
e.tsx [Server 
Component]

https://nextjs.org/d
ocs/messages/module-
not-found


./app/(admin)/admin/
content/[id]/page.ts
x:6:1
Module not found: 
Can't resolve '@/com
ponents/admin/Episod
e/EpisodeList'
[0m [90m 4 |[39m 
[36mimport[39m [3
3mContentForm[39m 
[36mfrom[39m [32m
'@/components/admin/
Content/ContentForm'
[39m[33m;[39m
 [90m 5 |[39m 
[36mimport[39m [3
3mBlockManager[39m 
[36mfrom[39m [32m
'@/components/admin/
Content/BlockManager
'[39m[33m;[39m
[31m[1m>[22m[39m
[90m 6 |[39m 
[36mimport[39m [3
3mEpisodeList[39m 
[36mfrom[39m [32m
'@/components/admin/
Episode/EpisodeList'
[39m[33m;[39m
 [90m   |[39m [31
m[1m^[22m[39m[31
m[1m^[22m[39m[31
m[1m^[22m[39m[31
m[1m^[22m[39m[31
m[1m^[22m[39m[31
m[1m^[22m[39m[31
m[1m^[22m[39m[31
m[1m^[22m[39m[31
m[1m^[22m[39m[31
m[1m^[22m[39m[31
m[1m^[22m[39m[31
m[1m^[22m[39m[31
m[1m^[22m[39m[31
m[1m^[22m[39m[31
m[1m^[22m[39m[31
m[1m^[22m[39m[31
m[1m^[22m[39m[31
m[1m^[22m[39m[31
m[1m^[22m[39m[31
m[1m^[22m[39m[31
m[1m^[22m[39m[31
m[1m^[22m[39m[31
m[1m^[22m[39m[31
m[1m^[22m[39m[31
m[1m^[22m[39m[31
m[1m^[22m[39m[31
m[1m^[22m[39m[31
m[1m^[22m[39m[31
m[1m^[22m[39m[31
m[1m^[22m[39m[31
m[1m^[22m[39m[31
m[1m^[22m[39m[31
m[1m^[22m[39m[31
m[1m^[22m[39m[31
m[1m^[22m[39m[31
m[1m^[22m[39m[31
m[1m^[22m[39m[31
m[1m^[22m[39m[31
m[1m^[22m[39m[31
m[1m^[22m[39m[31
m[1m^[22m[39m[31
m[1m^[22m[39m[31
m[1m^[22m[39m[31
m[1m^[22m[39m[31
m[1m^[22m[39m[31
m[1m^[22m[39m[31
m[1m^[22m[39m[31
m[1m^[22m[39m[31
m[1m^[22m[39m[31
m[1m^[22m[39m[31
m[1m^[22m[39m[31
m[1m^[22m[39m[31
m[1m^[22m[39m[31
m[1m^[22m[39m[31
m[1m^[22m[39m[31
m[1m^[22m[39m[31
m[1m^[22m[39m[31
m[1m^[22m[39m[31
m[1m^[22m[39m[31
m[1m^[22m[39m[31
m[1m^[22m[39m[31
m[1m^[22m[39m[31
m[1m^[22m[39m[31
m[1m^[22m[39m[31
m[1m^[22m[39m
 [90m 7 |[39m 
[36mimport[39m { 
[33mArrowLeft[39m 
} [36mfrom[39m [3
2m'lucide-react'[39
m[33m;[39m
 [90m 8 |[39m 
[36mimport[39m 
[33mLink[39m 
[36mfrom[39m [32m
'next/link'[39m[33
m;[39m
 [90m 9 |[39m[0m

Import map: aliased 
to relative './compo
nents/admin/Episode/
EpisodeList' inside 
of [project]/


Import traces:
  Client Component 
Browser:
    ./app/(admin)/ad
min/content/[id]/pag
e.tsx [Client 
Component Browser]
    ./app/(admin)/ad
min/content/[id]/pag
e.tsx [Server 
Component]

  Client Component 
SSR:
    ./app/(admin)/ad
min/content/[id]/pag
e.tsx [Client 
Component SSR]
    ./app/(admin)/ad
min/content/[id]/pag
e.tsx [Server 
Component]

https://nextjs.org/d
ocs/messages/module-
not-found


./app/(admin)/login/
page.tsx:8:1
Module not found: 
Can't resolve '@/com
ponents/ui/Button'
[0m [90m  6 
|[39m 
[36mimport[39m 
[33mLink[39m 
[36mfrom[39m [32m
"next/link"[39m[33
m;[39m
 [90m  7 |[39m 
[36mimport[39m 
[33mInput[39m 
[36mfrom[39m [32m
"@/components/ui/Inp
ut"[39m[33m;[39m
[31m[1m>[22m[39m
[90m  8 |[39m 
[36mimport[39m 
[33mButton[39m 
[36mfrom[39m [32m
"@/components/ui/But
ton"[39m[33m;[39m
 [90m    |[39m [3
1m[1m^[22m[39m[3
1m[1m^[22m[39m[3
1m[1m^[22m[39m[3
1m[1m^[22m[39m[3
1m[1m^[22m[39m[3
1m[1m^[22m[39m[3
1m[1m^[22m[39m[3
1m[1m^[22m[39m[3
1m[1m^[22m[39m[3
1m[1m^[22m[39m[3
1m[1m^[22m[39m[3
1m[1m^[22m[39m[3
1m[1m^[22m[39m[3
1m[1m^[22m[39m[3
1m[1m^[22m[39m[3
1m[1m^[22m[39m[3
1m[1m^[22m[39m[3
1m[1m^[22m[39m[3
1m[1m^[22m[39m[3
1m[1m^[22m[39m[3
1m[1m^[22m[39m[3
1m[1m^[22m[39m[3
1m[1m^[22m[39m[3
1m[1m^[22m[39m[3
1m[1m^[22m[39m[3
1m[1m^[22m[39m[3
1m[1m^[22m[39m[3
1m[1m^[22m[39m[3
1m[1m^[22m[39m[3
1m[1m^[22m[39m[3
1m[1m^[22m[39m[3
1m[1m^[22m[39m[3
1m[1m^[22m[39m[3
1m[1m^[22m[39m[3
1m[1m^[22m[39m[3
1m[1m^[22m[39m[3
1m[1m^[22m[39m[3
1m[1m^[22m[39m[3
1m[1m^[22m[39m[3
1m[1m^[22m[39m[3
1m[1m^[22m[39m[3
1m[1m^[22m[39m[3
1m[1m^[22m[39m[3
1m[1m^[22m[39m
 [90m  9 |[39m 
[36mexport[39m 
[36mdefault[39m 
[36mfunction[39m 
[33mLoginPage[39m()
 {
 [90m 10 |[39m   
[36mconst[39m 
router [33m=[39m u
seRouter()[33m;[39
m
 [90m 11 |[39m   
[36mconst[39m [for
mData[33m,[39m 
setFormData] 
[33m=[39m 
useState({[0m

Import map: aliased 
to relative './compo
nents/ui/Button' 
inside of [project]/


Import traces:
  Client Component 
Browser:
    ./app/(admin)/lo
gin/page.tsx 
[Client Component 
Browser]
    ./app/(admin)/lo
gin/page.tsx 
[Server Component]

  Client Component 
SSR:
    ./app/(admin)/lo
gin/page.tsx 
[Client Component 
SSR]
    ./app/(admin)/lo
gin/page.tsx 
[Server Component]

https://nextjs.org/d
ocs/messages/module-
not-found


./app/(admin)/login/
page.tsx:8:1
Module not found: 
Can't resolve '@/com
ponents/ui/Button'
[0m [90m  6 
|[39m 
[36mimport[39m 
[33mLink[39m 
[36mfrom[39m [32m
"next/link"[39m[33
m;[39m
 [90m  7 |[39m 
[36mimport[39m 
[33mInput[39m 
[36mfrom[39m [32m
"@/components/ui/Inp
ut"[39m[33m;[39m
[31m[1m>[22m[39m
[90m  8 |[39m 
[36mimport[39m 
[33mButton[39m 
[36mfrom[39m [32m
"@/components/ui/But
ton"[39m[33m;[39m
 [90m    |[39m [3
1m[1m^[22m[39m[3
1m[1m^[22m[39m[3
1m[1m^[22m[39m[3
1m[1m^[22m[39m[3
1m[1m^[22m[39m[3
1m[1m^[22m[39m[3
1m[1m^[22m[39m[3
1m[1m^[22m[39m[3
1m[1m^[22m[39m[3
1m[1m^[22m[39m[3
1m[1m^[22m[39m[3
1m[1m^[22m[39m[3
1m[1m^[22m[39m[3
1m[1m^[22m[39m[3
1m[1m^[22m[39m[3
1m[1m^[22m[39m[3
1m[1m^[22m[39m[3
1m[1m^[22m[39m[3
1m[1m^[22m[39m[3
1m[1m^[22m[39m[3
1m[1m^[22m[39m[3
1m[1m^[22m[39m[3
1m[1m^[22m[39m[3
1m[1m^[22m[39m[3
1m[1m^[22m[39m[3
1m[1m^[22m[39m[3
1m[1m^[22m[39m[3
1m[1m^[22m[39m[3
1m[1m^[22m[39m[3
1m[1m^[22m[39m[3
1m[1m^[22m[39m[3
1m[1m^[22m[39m[3
1m[1m^[22m[39m[3
1m[1m^[22m[39m[3
1m[1m^[22m[39m[3
1m[1m^[22m[39m[3
1m[1m^[22m[39m[3
1m[1m^[22m[39m[3
1m[1m^[22m[39m[3
1m[1m^[22m[39m[3
1m[1m^[22m[39m[3
1m[1m^[22m[39m[3
1m[1m^[22m[39m[3
1m[1m^[22m[39m
 [90m  9 |[39m
 [90m 10 |[39m 
[36mexport[39m 
[36mdefault[39m 
[36mfunction[39m 
[33mLoginPage[39m()
 {
 [90m 11 |[39m    
 [36mconst[39m 
router [33m=[39m u
seRouter()[33m;[39
m[0m

Import map: aliased 
to relative './compo
nents/ui/Button' 
inside of [project]/


Import traces:
  Client Component 
Browser:
    ./app/(admin)/lo
gin/page.tsx 
[Client Component 
Browser]
    ./app/(admin)/lo
gin/page.tsx 
[Server Component]

  Client Component 
SSR:
    ./app/(admin)/lo
gin/page.tsx 
[Client Component 
SSR]
    ./app/(admin)/lo
gin/page.tsx 
[Server Component]

https://nextjs.org/d
ocs/messages/module-
not-found


./app/(admin)/login/
page.tsx:7:1
Module not found: 
Can't resolve '@/com
ponents/ui/Input'
[0m [90m  5 
|[39m 
[36mimport[39m 
[33mImage[39m 
[36mfrom[39m [32m
"next/image"[39m[3
3m;[39m
 [90m  6 |[39m 
[36mimport[39m 
[33mLink[39m 
[36mfrom[39m [32m
"next/link"[39m[33
m;[39m
[31m[1m>[22m[39m
[90m  7 |[39m 
[36mimport[39m 
[33mInput[39m 
[36mfrom[39m [32m
"@/components/ui/Inp
ut"[39m[33m;[39m
 [90m    |[39m [3
1m[1m^[22m[39m[3
1m[1m^[22m[39m[3
1m[1m^[22m[39m[3
1m[1m^[22m[39m[3
1m[1m^[22m[39m[3
1m[1m^[22m[39m[3
1m[1m^[22m[39m[3
1m[1m^[22m[39m[3
1m[1m^[22m[39m[3
1m[1m^[22m[39m[3
1m[1m^[22m[39m[3
1m[1m^[22m[39m[3
1m[1m^[22m[39m[3
1m[1m^[22m[39m[3
1m[1m^[22m[39m[3
1m[1m^[22m[39m[3
1m[1m^[22m[39m[3
1m[1m^[22m[39m[3
1m[1m^[22m[39m[3
1m[1m^[22m[39m[3
1m[1m^[22m[39m[3
1m[1m^[22m[39m[3
1m[1m^[22m[39m[3
1m[1m^[22m[39m[3
1m[1m^[22m[39m[3
1m[1m^[22m[39m[3
1m[1m^[22m[39m[3
1m[1m^[22m[39m[3
1m[1m^[22m[39m[3
1m[1m^[22m[39m[3
1m[1m^[22m[39m[3
1m[1m^[22m[39m[3
1m[1m^[22m[39m[3
1m[1m^[22m[39m[3
1m[1m^[22m[39m[3
1m[1m^[22m[39m[3
1m[1m^[22m[39m[3
1m[1m^[22m[39m[3
1m[1m^[22m[39m[3
1m[1m^[22m[39m[3
1m[1m^[22m[39m[3
1m[1m^[22m[39m
 [90m  8 |[39m 
[36mimport[39m 
[33mButton[39m 
[36mfrom[39m [32m
"@/components/ui/But
ton"[39m[33m;[39m
 [90m  9 |[39m 
[36mexport[39m 
[36mdefault[39m 
[36mfunction[39m 
[33mLoginPage[39m()
 {
 [90m 10 |[39m   
[36mconst[39m 
router [33m=[39m u
seRouter()[33m;[39
m[0m

Import map: aliased 
to relative './compo
nents/ui/Input' 
inside of [project]/


Import traces:
  Client Component 
Browser:
    ./app/(admin)/lo
gin/page.tsx 
[Client Component 
Browser]
    ./app/(admin)/lo
gin/page.tsx 
[Server Component]

  Client Component 
SSR:
    ./app/(admin)/lo
gin/page.tsx 
[Client Component 
SSR]
    ./app/(admin)/lo
gin/page.tsx 
[Server Component]

https://nextjs.org/d
ocs/messages/module-
not-found


./app/(admin)/login/
page.tsx:7:1
Module not found: 
Can't resolve '@/com
ponents/ui/Input'
[0m [90m  5 
|[39m 
[36mimport[39m 
[33mImage[39m 
[36mfrom[39m [32m
"next/image"[39m[3
3m;[39m
 [90m  6 |[39m 
[36mimport[39m 
[33mLink[39m 
[36mfrom[39m [32m
"next/link"[39m[33
m;[39m
[31m[1m>[22m[39m
[90m  7 |[39m 
[36mimport[39m 
[33mInput[39m 
[36mfrom[39m [32m
"@/components/ui/Inp
ut"[39m[33m;[39m
 [90m    |[39m [3
1m[1m^[22m[39m[3
1m[1m^[22m[39m[3
1m[1m^[22m[39m[3
1m[1m^[22m[39m[3
1m[1m^[22m[39m[3
1m[1m^[22m[39m[3
1m[1m^[22m[39m[3
1m[1m^[22m[39m[3
1m[1m^[22m[39m[3
1m[1m^[22m[39m[3
1m[1m^[22m[39m[3
1m[1m^[22m[39m[3
1m[1m^[22m[39m[3
1m[1m^[22m[39m[3
1m[1m^[22m[39m[3
1m[1m^[22m[39m[3
1m[1m^[22m[39m[3
1m[1m^[22m[39m[3
1m[1m^[22m[39m[3
1m[1m^[22m[39m[3
1m[1m^[22m[39m[3
1m[1m^[22m[39m[3
1m[1m^[22m[39m[3
1m[1m^[22m[39m[3
1m[1m^[22m[39m[3
1m[1m^[22m[39m[3
1m[1m^[22m[39m[3
1m[1m^[22m[39m[3
1m[1m^[22m[39m[3
1m[1m^[22m[39m[3
1m[1m^[22m[39m[3
1m[1m^[22m[39m[3
1m[1m^[22m[39m[3
1m[1m^[22m[39m[3
1m[1m^[22m[39m[3
1m[1m^[22m[39m[3
1m[1m^[22m[39m[3
1m[1m^[22m[39m[3
1m[1m^[22m[39m[3
1m[1m^[22m[39m[3
1m[1m^[22m[39m[3
1m[1m^[22m[39m
 [90m  8 |[39m 
[36mimport[39m 
[33mButton[39m 
[36mfrom[39m [32m
"@/components/ui/But
ton"[39m[33m;[39m
 [90m  9 |[39m
 [90m 10 |[39m 
[36mexport[39m 
[36mdefault[39m 
[36mfunction[39m 
[33mLoginPage[39m()
 {[0m

Import map: aliased 
to relative './compo
nents/ui/Input' 
inside of [project]/


Import traces:
  Client Component 
Browser:
    ./app/(admin)/lo
gin/page.tsx 
[Client Component 
Browser]
    ./app/(admin)/lo
gin/page.tsx 
[Server Component]

  Client Component 
SSR:
    ./app/(admin)/lo
gin/page.tsx 
[Client Component 
SSR]
    ./app/(admin)/lo
gin/page.tsx 
[Server Component]

https://nextjs.org/d
ocs/messages/module-
not-found


./app/(admin)/admin/
layout.tsx:1:1
Module not found: 
Can't resolve '@/com
ponents/ui/adminComp
onent/AdminSidebar'
[0m[31m[1m>[22m
[39m[90m 1 |[39m 
[36mimport[39m [3
3mAdminSidebar[39m 
[36mfrom[39m [32m
'@/components/ui/adm
inComponent/AdminSid
ebar'[39m[33m;[39
m
 [90m   |[39m [31
m[1m^[22m[39m[31
m[1m^[22m[39m[31
m[1m^[22m[39m[31
m[1m^[22m[39m[31
m[1m^[22m[39m[31
m[1m^[22m[39m[31
m[1m^[22m[39m[31
m[1m^[22m[39m[31
m[1m^[22m[39m[31
m[1m^[22m[39m[31
m[1m^[22m[39m[31
m[1m^[22m[39m[31
m[1m^[22m[39m[31
m[1m^[22m[39m[31
m[1m^[22m[39m[31
m[1m^[22m[39m[31
m[1m^[22m[39m[31
m[1m^[22m[39m[31
m[1m^[22m[39m[31
m[1m^[22m[39m[31
m[1m^[22m[39m[31
m[1m^[22m[39m[31
m[1m^[22m[39m[31
m[1m^[22m[39m[31
m[1m^[22m[39m[31
m[1m^[22m[39m[31
m[1m^[22m[39m[31
m[1m^[22m[39m[31
m[1m^[22m[39m[31
m[1m^[22m[39m[31
m[1m^[22m[39m[31
m[1m^[22m[39m[31
m[1m^[22m[39m[31
m[1m^[22m[39m[31
m[1m^[22m[39m[31
m[1m^[22m[39m[31
m[1m^[22m[39m[31
m[1m^[22m[39m[31
m[1m^[22m[39m[31
m[1m^[22m[39m[31
m[1m^[22m[39m[31
m[1m^[22m[39m[31
m[1m^[22m[39m[31
m[1m^[22m[39m[31
m[1m^[22m[39m[31
m[1m^[22m[39m[31
m[1m^[22m[39m[31
m[1m^[22m[39m[31
m[1m^[22m[39m[31
m[1m^[22m[39m[31
m[1m^[22m[39m[31
m[1m^[22m[39m[31
m[1m^[22m[39m[31
m[1m^[22m[39m[31
m[1m^[22m[39m[31
m[1m^[22m[39m[31
m[1m^[22m[39m[31
m[1m^[22m[39m[31
m[1m^[22m[39m[31
m[1m^[22m[39m[31
m[1m^[22m[39m[31
m[1m^[22m[39m[31
m[1m^[22m[39m[31
m[1m^[22m[39m[31
m[1m^[22m[39m[31
m[1m^[22m[39m[31
m[1m^[22m[39m[31
m[1m^[22m[39m[31
m[1m^[22m[39m[31
m[1m^[22m[39m[31
m[1m^[22m[39m
 [90m 2 |[39m 
[36mimport[39m 
[33mReact[39m 
[36mfrom[39m [32m
'react'[39m[33m;[
39m
 [90m 3 |[39m
 [90m 4 |[39m 
[36mexport[39m 
[36mdefault[39m 
[36mfunction[39m 
[33mAdminSidebarLayo
ut[39m({[0m

Import map: aliased 
to relative './compo
nents/ui/adminCompon
ent/AdminSidebar' 
inside of [project]/


https://nextjs.org/d
ocs/messages/module-
not-found


    at <unknown> (./
app/(admin)/admin/ca
tegory/[id]/page.tsx
:4:1)
    at <unknown> (ht
tps://nextjs.org/doc
s/messages/module-no
t-found)
    at <unknown> (./
app/(admin)/admin/ca
tegory/[id]/page.tsx
:4:1)
    at <unknown> (ht
tps://nextjs.org/doc
s/messages/module-no
t-found)
    at <unknown> (./
app/(admin)/admin/ca
tegory/create/page.t
sx:5:1)
    at <unknown> (ht
tps://nextjs.org/doc
s/messages/module-no
t-found)
    at <unknown> (./
app/(admin)/admin/ca
tegory/create/page.t
sx:4:1)
    at <unknown> (ht
tps://nextjs.org/doc
s/messages/module-no
t-found)
    at <unknown> (./
app/(admin)/admin/ca
tegory/page.tsx:6:1)
    at <unknown> (ht
tps://nextjs.org/doc
s/messages/module-no
t-found)
    at <unknown> (./
app/(admin)/admin/co
ntent/[id]/episode/[
episodeId]/page.tsx:
6:1)
    at <unknown> (ht
tps://nextjs.org/doc
s/messages/module-no
t-found)
    at <unknown> (./
app/(admin)/admin/co
ntent/[id]/episode/[
episodeId]/page.tsx:
5:1)
    at <unknown> (ht
tps://nextjs.org/doc
s/messages/module-no
t-found)
    at <unknown> (./
app/(admin)/admin/co
ntent/[id]/page.tsx:
6:1)
    at <unknown> (ht
tps://nextjs.org/doc
s/messages/module-no
t-found)
    at <unknown> (./
app/(admin)/admin/co
ntent/[id]/page.tsx:
5:1)
    at <unknown> (ht
tps://nextjs.org/doc
s/messages/module-no
t-found)
    at <unknown> (./
app/(admin)/admin/co
ntent/[id]/page.tsx:
5:1)
    at <unknown> (ht
tps://nextjs.org/doc
s/messages/module-no
t-found)
    at <unknown> (./
app/(admin)/admin/co
ntent/[id]/page.tsx:
4:1)
    at <unknown> (ht
tps://nextjs.org/doc
s/messages/module-no
t-found)
    at <unknown> (./
app/(admin)/admin/co
ntent/create/page.ts
x:5:1)
    at <unknown> (ht
tps://nextjs.org/doc
s/messages/module-no
t-found)
    at <unknown> (./
app/(admin)/admin/co
ntent/create/page.ts
x:4:1)
    at <unknown> (ht
tps://nextjs.org/doc
s/messages/module-no
t-found)
    at <unknown> (./
app/(admin)/admin/co
ntent/[id]/episode/[
episodeId]/page.tsx:
5:1)
    at <unknown> (ht
tps://nextjs.org/doc
s/messages/module-no
t-found)
    at <unknown> (./
app/(admin)/admin/co
ntent/[id]/episode/[
episodeId]/page.tsx:
4:1)
    at <unknown> (ht
tps://nextjs.org/doc
s/messages/module-no
t-found)
    at <unknown> (./
app/(admin)/admin/co
ntent/[id]/episode/c
reate/page.tsx:5:1)
    at <unknown> (ht
tps://nextjs.org/doc
s/messages/module-no
t-found)
    at <unknown> (./
app/(admin)/admin/co
ntent/[id]/episode/c
reate/page.tsx:4:1)
    at <unknown> (ht
tps://nextjs.org/doc
s/messages/module-no
t-found)
    at <unknown> (./
app/(admin)/admin/co
ntent/[id]/page.tsx:
7:1)
    at <unknown> (ht
tps://nextjs.org/doc
s/messages/module-no
t-found)
    at <unknown> (./
app/(admin)/admin/co
ntent/[id]/page.tsx:
6:1)
    at <unknown> (ht
tps://nextjs.org/doc
s/messages/module-no
t-found)
    at <unknown> (./
app/(admin)/login/pa
ge.tsx:8:1)
    at <unknown> (ht
tps://nextjs.org/doc
s/messages/module-no
t-found)
    at <unknown> (./
app/(admin)/login/pa
ge.tsx:8:1)
    at <unknown> (ht
tps://nextjs.org/doc
s/messages/module-no
t-found)
    at <unknown> (./
app/(admin)/login/pa
ge.tsx:7:1)
    at <unknown> (ht
tps://nextjs.org/doc
s/messages/module-no
t-found)
    at <unknown> (./
app/(admin)/login/pa
ge.tsx:7:1)
    at <unknown> (ht
tps://nextjs.org/doc
s/messages/module-no
t-found)
    at <unknown> (./
app/(admin)/admin/la
yout.tsx:1:1)
    at <unknown> (ht
tps://nextjs.org/doc
s/messages/module-no
t-found)
